Modules list:
-------------
main.o:
    CODE              Offs=000000  Size=000103  Align=00001  Fill=0000
    RODATA            Offs=000000  Size=00000C  Align=00001  Fill=0000
    BSS               Offs=000000  Size=000001  Align=00001  Fill=0000
    DATA              Offs=000000  Size=000504  Align=00001  Fill=0000
spi.o:
    CODE              Offs=000103  Size=000036  Align=00001  Fill=0000
lcd.o:
    CODE              Offs=000139  Size=000070  Align=00001  Fill=0000
acia.o:
    CODE              Offs=0001A9  Size=000048  Align=00001  Fill=0000
    ZEROPAGE          Offs=000000  Size=000001  Align=00001  Fill=0000
gameduino.o:
    CODE              Offs=0001F1  Size=00045C  Align=00001  Fill=0000
    BSS               Offs=000001  Size=000001  Align=00001  Fill=0000
    DATA              Offs=000504  Size=000310  Align=00001  Fill=0000
interrupts.o:
    CODE              Offs=00064D  Size=00000C  Align=00001  Fill=0000
vectors.o:
    VECTORS           Offs=000000  Size=000006  Align=00001  Fill=0000
..\library\p65.lib(addeqsp.o):
    CODE              Offs=000659  Size=000011  Align=00001  Fill=0000
..\library\p65.lib(addysp.o):
    CODE              Offs=00066A  Size=00000E  Align=00001  Fill=0000
..\library\p65.lib(aslax1.o):
    CODE              Offs=000678  Size=000008  Align=00001  Fill=0000
..\library\p65.lib(aslax2.o):
    CODE              Offs=000680  Size=00000B  Align=00001  Fill=0000
..\library\p65.lib(aslax3.o):
    CODE              Offs=00068B  Size=00000E  Align=00001  Fill=0000
..\library\p65.lib(aslax4.o):
    CODE              Offs=000699  Size=000011  Align=00001  Fill=0000
..\library\p65.lib(condes.o):
    CODE              Offs=0006AA  Size=00000C  Align=00001  Fill=0000
    DATA              Offs=000814  Size=000025  Align=00001  Fill=0000
    ONCE              Offs=000000  Size=00000C  Align=00001  Fill=0000
..\library\p65.lib(copydata.o):
    CODE              Offs=0006B6  Size=00002D  Align=00001  Fill=0000
..\library\p65.lib(crt0.o):
    STARTUP           Offs=000000  Size=00001C  Align=00001  Fill=0000
..\library\p65.lib(decax1.o):
    CODE              Offs=0006E3  Size=000007  Align=00001  Fill=0000
..\library\p65.lib(decsp1.o):
    CODE              Offs=0006EA  Size=000009  Align=00001  Fill=0000
..\library\p65.lib(decsp2.o):
    CODE              Offs=0006F3  Size=00000D  Align=00001  Fill=0000
..\library\p65.lib(incax1.o):
    CODE              Offs=000700  Size=000005  Align=00001  Fill=0000
..\library\p65.lib(incaxy.o):
    CODE              Offs=000705  Size=00000B  Align=00001  Fill=0000
..\library\p65.lib(incsp2.o):
    CODE              Offs=000710  Size=000015  Align=00001  Fill=0000
..\library\p65.lib(incsp3.o):
    CODE              Offs=000725  Size=000005  Align=00001  Fill=0000
..\library\p65.lib(incsp4.o):
    CODE              Offs=00072A  Size=000005  Align=00001  Fill=0000
..\library\p65.lib(incsp5.o):
    CODE              Offs=00072F  Size=000005  Align=00001  Fill=0000
..\library\p65.lib(incsp8.o):
    CODE              Offs=000734  Size=000005  Align=00001  Fill=0000
..\library\p65.lib(ldaxsp.o):
    CODE              Offs=000739  Size=000009  Align=00001  Fill=0000
..\library\p65.lib(or.o):
    CODE              Offs=000742  Size=000011  Align=00001  Fill=0000
..\library\p65.lib(pusha.o):
    CODE              Offs=000753  Size=000016  Align=00001  Fill=0000
..\library\p65.lib(pushax.o):
    CODE              Offs=000769  Size=00001A  Align=00001  Fill=0000
..\library\p65.lib(staxsp.o):
    CODE              Offs=000783  Size=00000B  Align=00001  Fill=0000
..\library\p65.lib(subeqsp.o):
    CODE              Offs=00078E  Size=000015  Align=00001  Fill=0000
..\library\p65.lib(zerobss.o):
    CODE              Offs=0007A3  Size=000023  Align=00001  Fill=0000
..\library\p65.lib(zeropage.o):
    ZEROPAGE          Offs=000001  Size=00001A  Align=00001  Fill=0000


Segment list:
-------------
Name                   Start     End    Size  Align
----------------------------------------------------
ZEROPAGE              000000  00001A  00001B  00001
DATA                  000200  000A38  000839  00001
BSS                   000A39  000A3A  000002  00001
STARTUP               006839  006854  00001C  00001
ONCE                  006855  006860  00000C  00001
CODE                  006861  007026  0007C6  00001
RODATA                007027  007032  00000C  00001
VECTORS               007FFA  007FFF  000006  00001


Exports list by name:
---------------------
_GD_Init                  006A55 RLA    _GD_fill                  006BDA RLA    
_GD_putchar               006C9F RLA    _GD_putstr                006C54 RLA    
__BSS_RUN__               000A39 RLA    __BSS_SIZE__              000002 REA    
__CONSTRUCTOR_COUNT__     000000 REA    __CONSTRUCTOR_TABLE__     006855 RLA    
__DATA_LOAD__             006000 RLA    __DATA_RUN__              000200 RLA    
__DATA_SIZE__             000839 REA    __DESTRUCTOR_COUNT__      000000 REA    
__DESTRUCTOR_TABLE__      006855 RLA    __RAM_SIZE__              005DFF REA    
__RAM_START__             000200 RLA    __STARTUP__               000001 REA    
_acia_getc                006A47 RLA    _acia_put_newline         006A3F RLA    
_acia_putc                006A17 RLA    _acia_puts                006A24 RLA    
_init                     006839 RLA    _irq_int                  006EAF RLA    
_lcd_puts                 0069E9 RLA    _main                     006891 RLA    
_nmi_int                  006EAE RLA    _spi_begin                006987 RLA    
_spi_end                  00698D RLA    _spi_read                 006980 RLA    
_spi_write                00696A RLA    _spi_write_16             006971 RLA    
addeq0sp                  006EBA RLA    addeqysp                  006EBC RLA    
addysp                    006ECC RLA    addysp1                   006ECB RLA    
aslax1                    006ED9 RLA    aslax2                    006EE1 RLA    
aslax3                    006EEC RLA    aslax4                    006EFA RLA    
copydata                  006F17 RLA    decax1                    006F44 RLA    
decsp1                    006F4B RLA    decsp2                    006F54 RLA    
donelib                   006F0B RLA    incax1                    006F61 RLA    
incaxy                    006F68 RLA    incsp2                    006F78 RLA    
incsp3                    006F86 RLA    incsp4                    006F8B RLA    
incsp5                    006F90 RLA    incsp8                    006F95 RLA    
initlib                   006855 RLA    ldax0sp                   006F9A RLA    
ldaxysp                   006F9C RLA    ptr1                      000009 RLZ    
ptr2                      00000B RLZ    push0                     006FCA RLA    
pusha                     006FB8 RLA    pusha0                    006FCC RLA    
pushax                    006FCE RLA    regsave                   000005 RLZ    
sp                        000001 RLZ    stax0sp                   006FE4 RLA    
subeqysp                  006FF1 RLA    tmp1                      000011 RLZ    
tmp2                      000012 RLZ    tmp3                      000013 RLZ    
tmpstack                  000000 RLZ    tosorax                   006FA5 RLA    
zerobss                   007004 RLA    


Exports list by value:
----------------------
tmpstack                  000000 RLZ    __DESTRUCTOR_COUNT__      000000 REA    
__CONSTRUCTOR_COUNT__     000000 REA    __STARTUP__               000001 REA    
sp                        000001 RLZ    __BSS_SIZE__              000002 REA    
regsave                   000005 RLZ    ptr1                      000009 RLZ    
ptr2                      00000B RLZ    tmp1                      000011 RLZ    
tmp2                      000012 RLZ    tmp3                      000013 RLZ    
__DATA_RUN__              000200 RLA    __RAM_START__             000200 RLA    
__DATA_SIZE__             000839 REA    __BSS_RUN__               000A39 RLA    
__RAM_SIZE__              005DFF REA    __DATA_LOAD__             006000 RLA    
_init                     006839 RLA    initlib                   006855 RLA    
__DESTRUCTOR_TABLE__      006855 RLA    __CONSTRUCTOR_TABLE__     006855 RLA    
_main                     006891 RLA    _spi_write                00696A RLA    
_spi_write_16             006971 RLA    _spi_read                 006980 RLA    
_spi_begin                006987 RLA    _spi_end                  00698D RLA    
_lcd_puts                 0069E9 RLA    _acia_putc                006A17 RLA    
_acia_puts                006A24 RLA    _acia_put_newline         006A3F RLA    
_acia_getc                006A47 RLA    _GD_Init                  006A55 RLA    
_GD_fill                  006BDA RLA    _GD_putstr                006C54 RLA    
_GD_putchar               006C9F RLA    _nmi_int                  006EAE RLA    
_irq_int                  006EAF RLA    addeq0sp                  006EBA RLA    
addeqysp                  006EBC RLA    addysp1                   006ECB RLA    
addysp                    006ECC RLA    aslax1                    006ED9 RLA    
aslax2                    006EE1 RLA    aslax3                    006EEC RLA    
aslax4                    006EFA RLA    donelib                   006F0B RLA    
copydata                  006F17 RLA    decax1                    006F44 RLA    
decsp1                    006F4B RLA    decsp2                    006F54 RLA    
incax1                    006F61 RLA    incaxy                    006F68 RLA    
incsp2                    006F78 RLA    incsp3                    006F86 RLA    
incsp4                    006F8B RLA    incsp5                    006F90 RLA    
incsp8                    006F95 RLA    ldax0sp                   006F9A RLA    
ldaxysp                   006F9C RLA    tosorax                   006FA5 RLA    
pusha                     006FB8 RLA    push0                     006FCA RLA    
pusha0                    006FCC RLA    pushax                    006FCE RLA    
stax0sp                   006FE4 RLA    subeqysp                  006FF1 RLA    
zerobss                   007004 RLA    


Imports list:
-------------
_GD_Init (gameduino.o):
    main.o                    main.s(19)
_GD_fill (gameduino.o):
    main.o                    main.s(20)
_GD_putchar (gameduino.o):
    main.o                    main.s(22)
_GD_putstr (gameduino.o):
    main.o                    main.s(21)
__BSS_RUN__ ([linker generated]):
    zerobss.o                 common/zerobss.s(8)
__BSS_SIZE__ ([linker generated]):
    zerobss.o                 common/zerobss.s(8)
__CONSTRUCTOR_COUNT__ ([linker generated]):
    condes.o                  runtime/condes.s(18)
__CONSTRUCTOR_TABLE__ ([linker generated]):
    condes.o                  runtime/condes.s(18)
__DATA_LOAD__ ([linker generated]):
    copydata.o                common/copydata.s(8)
__DATA_RUN__ ([linker generated]):
    copydata.o                common/copydata.s(8)
__DATA_SIZE__ ([linker generated]):
    copydata.o                common/copydata.s(8)
__DESTRUCTOR_COUNT__ ([linker generated]):
    condes.o                  runtime/condes.s(19)
__DESTRUCTOR_TABLE__ ([linker generated]):
    condes.o                  runtime/condes.s(19)
__RAM_SIZE__ ([linker generated]):
    crt0.o                    .\src\crt0.s(11)
__RAM_START__ ([linker generated]):
    crt0.o                    .\src\crt0.s(11)
__STARTUP__ (crt0.o):
    main.o                    main.s(13)
_acia_getc (acia.o):
    main.o                    main.s(17)
_acia_put_newline (acia.o):
    main.o                    main.s(16)
_acia_putc (acia.o):
    interrupts.o              interrupts.asm(11)
    main.o                    main.s(14)
_acia_puts (acia.o):
    main.o                    main.s(15)
_init (crt0.o):
    vectors.o                 vectors.asm(7)
_irq_int (interrupts.o):
    vectors.o                 vectors.asm(9)
_lcd_puts (lcd.o):
    main.o                    main.s(18)
_main (main.o):
    crt0.o                    .\src\crt0.s(8)
_nmi_int (interrupts.o):
    vectors.o                 vectors.asm(8)
_spi_begin (spi.o):
    gameduino.o               gameduino.s(32)
_spi_end (spi.o):
    gameduino.o               gameduino.s(33)
_spi_read (spi.o):
    gameduino.o               gameduino.s(34)
_spi_write (spi.o):
    gameduino.o               gameduino.s(31)
_spi_write_16 (spi.o):
    gameduino.o               gameduino.s(30)
addeq0sp (addeqsp.o):
    gameduino.o               gameduino.s(1553)
    gameduino.o               gameduino.s(1553)
    gameduino.o               gameduino.s(1553)
addeqysp (addeqsp.o):
    main.o                    main.s(1460)
addysp (addysp.o):
    incsp8.o                  runtime/incsp8.s(8)
    incsp5.o                  runtime/incsp5.s(8)
    incsp4.o                  runtime/incsp4.s(8)
    incsp3.o                  runtime/incsp3.s(8)
    gameduino.o               gameduino.s(1553)
addysp1 (addysp.o):
    or.o                      runtime/or.s(9)
aslax1 (aslax1.o):
    gameduino.o               gameduino.s(1553)
aslax2 (aslax2.o):
    gameduino.o               gameduino.s(1553)
    gameduino.o               gameduino.s(1553)
    gameduino.o               gameduino.s(1553)
aslax3 (aslax3.o):
    gameduino.o               gameduino.s(1553)
aslax4 (aslax4.o):
    gameduino.o               gameduino.s(1553)
    gameduino.o               gameduino.s(1553)
    gameduino.o               gameduino.s(1553)
copydata (copydata.o):
    crt0.o                    .\src\crt0.s(13)
decax1 (decax1.o):
    gameduino.o               gameduino.s(1553)
decsp1 (decsp1.o):
    gameduino.o               gameduino.s(1553)
    gameduino.o               gameduino.s(1553)
decsp2 (decsp2.o):
    gameduino.o               gameduino.s(1553)
    main.o                    main.s(1460)
donelib (condes.o):
    crt0.o                    .\src\crt0.s(13)
incax1 (incax1.o):
    gameduino.o               gameduino.s(1553)
    gameduino.o               gameduino.s(1553)
incaxy (incaxy.o):
    main.o                    main.s(1460)
incsp2 (incsp2.o):
    gameduino.o               gameduino.s(1553)
    gameduino.o               gameduino.s(1553)
    gameduino.o               gameduino.s(1553)
    gameduino.o               gameduino.s(1553)
    main.o                    main.s(1460)
incsp3 (incsp3.o):
    gameduino.o               gameduino.s(1553)
    gameduino.o               gameduino.s(1553)
    gameduino.o               gameduino.s(1553)
    gameduino.o               gameduino.s(1553)
    gameduino.o               gameduino.s(1553)
    gameduino.o               gameduino.s(1553)
incsp4 (incsp4.o):
    gameduino.o               gameduino.s(1553)
    gameduino.o               gameduino.s(1553)
incsp5 (incsp5.o):
    gameduino.o               gameduino.s(1553)
incsp8 (incsp8.o):
    gameduino.o               gameduino.s(1553)
initlib (condes.o):
    crt0.o                    .\src\crt0.s(13)
ldax0sp (ldaxsp.o):
    gameduino.o               gameduino.s(1553)
    gameduino.o               gameduino.s(1553)
    gameduino.o               gameduino.s(1553)
    gameduino.o               gameduino.s(1553)
    gameduino.o               gameduino.s(1553)
    gameduino.o               gameduino.s(1553)
    gameduino.o               gameduino.s(1553)
    gameduino.o               gameduino.s(1553)
    main.o                    main.s(1460)
ldaxysp (ldaxsp.o):
    gameduino.o               gameduino.s(1553)
    gameduino.o               gameduino.s(1553)
    gameduino.o               gameduino.s(1553)
    gameduino.o               gameduino.s(1553)
    gameduino.o               gameduino.s(1553)
    gameduino.o               gameduino.s(1553)
    gameduino.o               gameduino.s(1553)
    gameduino.o               gameduino.s(1553)
    main.o                    main.s(1460)
ptr1 (zeropage.o):
    copydata.o                common/copydata.s(9)
    zerobss.o                 common/zerobss.s(9)
    gameduino.o               gameduino.s(11)
    acia.o                    acia.asm(9)
    lcd.o                     lcd.asm(12)
ptr2 (zeropage.o):
    copydata.o                common/copydata.s(9)
push0 (pushax.o):
    gameduino.o               gameduino.s(1553)
    gameduino.o               gameduino.s(1553)
    gameduino.o               gameduino.s(1553)
    main.o                    main.s(1460)
pusha (pusha.o):
    gameduino.o               gameduino.s(1553)
    gameduino.o               gameduino.s(1553)
    gameduino.o               gameduino.s(1553)
    gameduino.o               gameduino.s(1553)
    gameduino.o               gameduino.s(1553)
    main.o                    main.s(1460)
    main.o                    main.s(1460)
pusha0 (pushax.o):
    gameduino.o               gameduino.s(1553)
pushax (pushax.o):
    gameduino.o               gameduino.s(1553)
    gameduino.o               gameduino.s(1553)
    gameduino.o               gameduino.s(1553)
    gameduino.o               gameduino.s(1553)
    gameduino.o               gameduino.s(1553)
    gameduino.o               gameduino.s(1553)
    gameduino.o               gameduino.s(1553)
    gameduino.o               gameduino.s(1553)
    gameduino.o               gameduino.s(1553)
    gameduino.o               gameduino.s(1553)
    gameduino.o               gameduino.s(1553)
    main.o                    main.s(1460)
regsave (zeropage.o):
    gameduino.o               gameduino.s(10)
sp (zeropage.o):
    subeqsp.o                 runtime/subeqsp.s(8)
    staxsp.o                  runtime/staxsp.s(8)
    pushax.o                  runtime/pushax.s(8)
    pusha.o                   runtime/pusha.s(8)
    or.o                      runtime/or.s(10)
    ldaxsp.o                  runtime/ldaxsp.s(8)
    incsp2.o                  runtime/incsp2.s(8)
    decsp2.o                  runtime/decsp2.s(8)
    decsp1.o                  runtime/decsp1.s(8)
    crt0.o                    C:\cc65\asminc/zeropage.inc(11)
    addysp.o                  runtime/addysp.s(8)
    addeqsp.o                 runtime/addeqsp.s(8)
    gameduino.o               gameduino.s(10)
    main.o                    main.s(10)
stax0sp (staxsp.o):
    gameduino.o               gameduino.s(1553)
    gameduino.o               gameduino.s(1553)
    gameduino.o               gameduino.s(1553)
    gameduino.o               gameduino.s(1553)
    main.o                    main.s(1460)
subeqysp (subeqsp.o):
    gameduino.o               gameduino.s(1553)
tmp1 (zeropage.o):
    copydata.o                common/copydata.s(9)
    or.o                      runtime/or.s(10)
    incaxy.o                  runtime/incaxy.s(8)
    aslax4.o                  runtime/aslax4.s(8)
    aslax3.o                  runtime/aslax3.s(8)
    aslax2.o                  runtime/aslax2.s(8)
    aslax1.o                  runtime/aslax1.s(8)
    gameduino.o               gameduino.s(11)
    spi.o                     spi.asm(4)
tmp2 (zeropage.o):
    spi.o                     spi.asm(4)
tmp3 (zeropage.o):
    spi.o                     spi.asm(4)
tmpstack (acia.o):
    lcd.o                     lcd.asm(13)
tosorax (or.o):
    gameduino.o               gameduino.s(1553)
zerobss (zerobss.o):
    crt0.o                    .\src\crt0.s(13)

