Modules list:
-------------
vectors.o:
    VECTORS           Offs=000000  Size=000006  Align=00001  Fill=0000
main.o:
    CODE              Offs=000000  Size=000057  Align=00001  Fill=0000
    RODATA            Offs=000000  Size=00000C  Align=00001  Fill=0000
    BSS               Offs=000000  Size=000001  Align=00001  Fill=0000
    DATA              Offs=000000  Size=000002  Align=00001  Fill=0000
spi.o:
    CODE              Offs=000057  Size=000054  Align=00001  Fill=0000
acia.o:
    CODE              Offs=0000AB  Size=000048  Align=00001  Fill=0000
    ZEROPAGE          Offs=000000  Size=000001  Align=00001  Fill=0000
gameduino.o:
    CODE              Offs=0000F3  Size=00027F  Align=00001  Fill=0000
    BSS               Offs=000001  Size=000001  Align=00001  Fill=0000
..\library\p65.lib(addeqsp.o):
    CODE              Offs=000372  Size=000011  Align=00001  Fill=0000
..\library\p65.lib(addysp.o):
    CODE              Offs=000383  Size=00000E  Align=00001  Fill=0000
..\library\p65.lib(aslax2.o):
    CODE              Offs=000391  Size=00000B  Align=00001  Fill=0000
..\library\p65.lib(aslax4.o):
    CODE              Offs=00039C  Size=000011  Align=00001  Fill=0000
..\library\p65.lib(asleax2.o):
    CODE              Offs=0003AD  Size=000013  Align=00001  Fill=0000
..\library\p65.lib(condes.o):
    CODE              Offs=0003C0  Size=00000C  Align=00001  Fill=0000
    DATA              Offs=000002  Size=000025  Align=00001  Fill=0000
    ONCE              Offs=000000  Size=00000C  Align=00001  Fill=0000
..\library\p65.lib(copydata.o):
    CODE              Offs=0003CC  Size=00002D  Align=00001  Fill=0000
..\library\p65.lib(crt0.o):
    STARTUP           Offs=000000  Size=00001C  Align=00001  Fill=0000
..\library\p65.lib(decax1.o):
    CODE              Offs=0003F9  Size=000007  Align=00001  Fill=0000
..\library\p65.lib(decsp4.o):
    CODE              Offs=000400  Size=00000D  Align=00001  Fill=0000
..\library\p65.lib(incax1.o):
    CODE              Offs=00040D  Size=000005  Align=00001  Fill=0000
..\library\p65.lib(incsp2.o):
    CODE              Offs=000412  Size=000015  Align=00001  Fill=0000
..\library\p65.lib(incsp3.o):
    CODE              Offs=000427  Size=000005  Align=00001  Fill=0000
..\library\p65.lib(incsp4.o):
    CODE              Offs=00042C  Size=000005  Align=00001  Fill=0000
..\library\p65.lib(incsp5.o):
    CODE              Offs=000431  Size=000005  Align=00001  Fill=0000
..\library\p65.lib(laddeqsp.o):
    CODE              Offs=000436  Size=000023  Align=00001  Fill=0000
..\library\p65.lib(lcmp.o):
    CODE              Offs=000459  Size=00003B  Align=00001  Fill=0000
..\library\p65.lib(ldaxsp.o):
    CODE              Offs=000494  Size=000009  Align=00001  Fill=0000
..\library\p65.lib(ldeaxysp.o):
    CODE              Offs=00049D  Size=000013  Align=00001  Fill=0000
..\library\p65.lib(linc.o):
    CODE              Offs=0004B0  Size=000011  Align=00001  Fill=0000
..\library\p65.lib(llt.o):
    CODE              Offs=0004C1  Size=000006  Align=00001  Fill=0000
..\library\p65.lib(lpush.o):
    CODE              Offs=0004C7  Size=00001E  Align=00001  Fill=0000
..\library\p65.lib(makebool.o):
    CODE              Offs=0004E5  Size=00002C  Align=00001  Fill=0000
..\library\p65.lib(pusha.o):
    CODE              Offs=000511  Size=000016  Align=00001  Fill=0000
..\library\p65.lib(pushax.o):
    CODE              Offs=000527  Size=00001A  Align=00001  Fill=0000
..\library\p65.lib(staxsp.o):
    CODE              Offs=000541  Size=00000B  Align=00001  Fill=0000
..\library\p65.lib(steaxsp.o):
    CODE              Offs=00054C  Size=000015  Align=00001  Fill=0000
..\library\p65.lib(zerobss.o):
    CODE              Offs=000561  Size=000023  Align=00001  Fill=0000
..\library\p65.lib(zeropage.o):
    ZEROPAGE          Offs=000001  Size=00001A  Align=00001  Fill=0000


Segment list:
-------------
Name                   Start     End    Size  Align
----------------------------------------------------
ZEROPAGE              000000  00001A  00001B  00001
DATA                  000200  000226  000027  00001
BSS                   000227  000228  000002  00001
STARTUP               006027  006042  00001C  00001
ONCE                  006043  00604E  00000C  00001
CODE                  00604F  0065D2  000584  00001
RODATA                0065D3  0065DE  00000C  00001
VECTORS               007FFA  007FFF  000006  00001


Exports list by name:
---------------------
_GD_Init                  006145 RLA    _GD_putstr                0062E7 RLA    
_GD_wr                    00628A RLA    __BSS_RUN__               000227 RLA    
__BSS_SIZE__              000002 REA    __CONSTRUCTOR_COUNT__     000000 REA    
__CONSTRUCTOR_TABLE__     006043 RLA    __DATA_LOAD__             006000 RLA    
__DATA_RUN__              000200 RLA    __DATA_SIZE__             000027 REA    
__DESTRUCTOR_COUNT__      000000 REA    __DESTRUCTOR_TABLE__      006043 RLA    
__RAM_SIZE__              005DFF REA    __RAM_START__             000200 RLA    
__STARTUP__               000001 REA    _acia_getc                006137 RLA    
_acia_putc                006107 RLA    _init                     006027 RLA    
_main                     00604F RLA    _spi_begin                0060E8 RLA    
_spi_end                  0060EE RLA    _spi_write                0060CB RLA    
_spi_write_16             0060D2 RLA    addeq0sp                  0063C1 RLA    
addysp                    0063D3 RLA    aslax2                    0063E0 RLA    
aslax4                    0063EB RLA    asleax2                   0063FC RLA    
boollt                    006543 RLA    copydata                  00641B RLA    
decax1                    006448 RLA    decsp4                    00644F RLA    
donelib                   00640F RLA    incax1                    00645C RLA    
inceaxy                   0064FF RLA    incsp2                    006468 RLA    
incsp3                    006476 RLA    incsp4                    00647B RLA    
incsp5                    006480 RLA    initlib                   006043 RLA    
laddeq0sp                 006485 RLA    ldax0sp                   0064E3 RLA    
ldaxysp                   0064E5 RLA    ldeax0sp                  0064EC RLA    
popax                     006461 RLA    ptr1                      000009 RLZ    
ptr2                      00000B RLZ    ptr4                      00000F RLZ    
push0                     006576 RLA    pusha                     006564 RLA    
pushax                    00657A RLA    pusheax                   00651D RLA    
regsave                   000005 RLZ    sp                        000001 RLZ    
sreg                      000003 RLZ    stax0sp                   006590 RLA    
steax0sp                  00659B RLA    tmp1                      000011 RLZ    
tmp2                      000012 RLZ    tmp3                      000013 RLZ    
toslcmp                   0064A8 RLA    toslteax                  006510 RLA    
zerobss                   0065B0 RLA    


Exports list by value:
----------------------
__DESTRUCTOR_COUNT__      000000 REA    __CONSTRUCTOR_COUNT__     000000 REA    
__STARTUP__               000001 REA    sp                        000001 RLZ    
__BSS_SIZE__              000002 REA    sreg                      000003 RLZ    
regsave                   000005 RLZ    ptr1                      000009 RLZ    
ptr2                      00000B RLZ    ptr4                      00000F RLZ    
tmp1                      000011 RLZ    tmp2                      000012 RLZ    
tmp3                      000013 RLZ    __DATA_SIZE__             000027 REA    
__DATA_RUN__              000200 RLA    __RAM_START__             000200 RLA    
__BSS_RUN__               000227 RLA    __RAM_SIZE__              005DFF REA    
__DATA_LOAD__             006000 RLA    _init                     006027 RLA    
initlib                   006043 RLA    __CONSTRUCTOR_TABLE__     006043 RLA    
__DESTRUCTOR_TABLE__      006043 RLA    _main                     00604F RLA    
_spi_write                0060CB RLA    _spi_write_16             0060D2 RLA    
_spi_begin                0060E8 RLA    _spi_end                  0060EE RLA    
_acia_putc                006107 RLA    _acia_getc                006137 RLA    
_GD_Init                  006145 RLA    _GD_wr                    00628A RLA    
_GD_putstr                0062E7 RLA    addeq0sp                  0063C1 RLA    
addysp                    0063D3 RLA    aslax2                    0063E0 RLA    
aslax4                    0063EB RLA    asleax2                   0063FC RLA    
donelib                   00640F RLA    copydata                  00641B RLA    
decax1                    006448 RLA    decsp4                    00644F RLA    
incax1                    00645C RLA    popax                     006461 RLA    
incsp2                    006468 RLA    incsp3                    006476 RLA    
incsp4                    00647B RLA    incsp5                    006480 RLA    
laddeq0sp                 006485 RLA    toslcmp                   0064A8 RLA    
ldax0sp                   0064E3 RLA    ldaxysp                   0064E5 RLA    
ldeax0sp                  0064EC RLA    inceaxy                   0064FF RLA    
toslteax                  006510 RLA    pusheax                   00651D RLA    
boollt                    006543 RLA    pusha                     006564 RLA    
push0                     006576 RLA    pushax                    00657A RLA    
stax0sp                   006590 RLA    steax0sp                  00659B RLA    
zerobss                   0065B0 RLA    


Imports list:
-------------
_GD_Init (gameduino.o):
    main.o                    main.s(16)
_GD_putstr (gameduino.o):
    main.o                    main.s(18)
_GD_wr (gameduino.o):
    main.o                    main.s(17)
__BSS_RUN__ ([linker generated]):
    zerobss.o                 common/zerobss.s(8)
__BSS_SIZE__ ([linker generated]):
    zerobss.o                 common/zerobss.s(8)
__CONSTRUCTOR_COUNT__ ([linker generated]):
    condes.o                  runtime/condes.s(18)
__CONSTRUCTOR_TABLE__ ([linker generated]):
    condes.o                  runtime/condes.s(18)
__DATA_LOAD__ ([linker generated]):
    copydata.o                common/copydata.s(8)
__DATA_RUN__ ([linker generated]):
    copydata.o                common/copydata.s(8)
__DATA_SIZE__ ([linker generated]):
    copydata.o                common/copydata.s(8)
__DESTRUCTOR_COUNT__ ([linker generated]):
    condes.o                  runtime/condes.s(19)
__DESTRUCTOR_TABLE__ ([linker generated]):
    condes.o                  runtime/condes.s(19)
__RAM_SIZE__ ([linker generated]):
    crt0.o                    .\src\crt0.s(11)
__RAM_START__ ([linker generated]):
    crt0.o                    .\src\crt0.s(11)
__STARTUP__ (crt0.o):
    main.o                    main.s(13)
_acia_getc (acia.o):
    main.o                    main.s(15)
_acia_putc (acia.o):
    main.o                    main.s(14)
_init (crt0.o):
    vectors.o                 vectors.asm(7)
_main (main.o):
    crt0.o                    .\src\crt0.s(8)
_spi_begin (spi.o):
    gameduino.o               gameduino.s(27)
_spi_end (spi.o):
    gameduino.o               gameduino.s(28)
_spi_write (spi.o):
    gameduino.o               gameduino.s(26)
_spi_write_16 (spi.o):
    gameduino.o               gameduino.s(25)
addeq0sp (addeqsp.o):
    gameduino.o               gameduino.s(461)
addysp (addysp.o):
    incsp5.o                  runtime/incsp5.s(8)
    incsp4.o                  runtime/incsp4.s(8)
    incsp3.o                  runtime/incsp3.s(8)
aslax2 (aslax2.o):
    gameduino.o               gameduino.s(461)
aslax4 (aslax4.o):
    gameduino.o               gameduino.s(461)
asleax2 (asleax2.o):
    gameduino.o               gameduino.s(461)
boollt (makebool.o):
    llt.o                     runtime/llt.s(8)
copydata (copydata.o):
    crt0.o                    .\src\crt0.s(13)
decax1 (decax1.o):
    gameduino.o               gameduino.s(461)
decsp4 (decsp4.o):
    lpush.o                   runtime/lpush.s(12)
    gameduino.o               gameduino.s(461)
donelib (condes.o):
    crt0.o                    .\src\crt0.s(13)
incax1 (incax1.o):
    gameduino.o               gameduino.s(461)
inceaxy (linc.o):
    gameduino.o               gameduino.s(461)
incsp2 (incsp2.o):
    gameduino.o               gameduino.s(461)
    gameduino.o               gameduino.s(461)
    gameduino.o               gameduino.s(461)
incsp3 (incsp3.o):
    gameduino.o               gameduino.s(461)
    gameduino.o               gameduino.s(461)
incsp4 (incsp4.o):
    lcmp.o                    runtime/lcmp.s(9)
    gameduino.o               gameduino.s(461)
    gameduino.o               gameduino.s(461)
    gameduino.o               gameduino.s(461)
incsp5 (incsp5.o):
    gameduino.o               gameduino.s(461)
initlib (condes.o):
    crt0.o                    .\src\crt0.s(13)
laddeq0sp (laddeqsp.o):
    gameduino.o               gameduino.s(461)
ldax0sp (ldaxsp.o):
    gameduino.o               gameduino.s(461)
    gameduino.o               gameduino.s(461)
    gameduino.o               gameduino.s(461)
    gameduino.o               gameduino.s(461)
    gameduino.o               gameduino.s(461)
    gameduino.o               gameduino.s(461)
ldaxysp (ldaxsp.o):
    gameduino.o               gameduino.s(461)
    gameduino.o               gameduino.s(461)
    gameduino.o               gameduino.s(461)
    gameduino.o               gameduino.s(461)
ldeax0sp (ldeaxysp.o):
    gameduino.o               gameduino.s(461)
popax (incsp2.o):
    spi.o                     spi.asm(3)
ptr1 (zeropage.o):
    lcmp.o                    runtime/lcmp.s(10)
    copydata.o                common/copydata.s(9)
    zerobss.o                 common/zerobss.s(9)
    gameduino.o               gameduino.s(11)
    acia.o                    acia.s(9)
ptr2 (zeropage.o):
    copydata.o                common/copydata.s(9)
ptr4 (zeropage.o):
    linc.o                    runtime/linc.s(8)
push0 (pushax.o):
    gameduino.o               gameduino.s(461)
    gameduino.o               gameduino.s(461)
pusha (pusha.o):
    gameduino.o               gameduino.s(461)
    gameduino.o               gameduino.s(461)
    gameduino.o               gameduino.s(461)
    main.o                    main.s(83)
pushax (pushax.o):
    gameduino.o               gameduino.s(461)
    gameduino.o               gameduino.s(461)
    gameduino.o               gameduino.s(461)
    gameduino.o               gameduino.s(461)
    gameduino.o               gameduino.s(461)
    gameduino.o               gameduino.s(461)
    gameduino.o               gameduino.s(461)
    main.o                    main.s(83)
pusheax (lpush.o):
    gameduino.o               gameduino.s(461)
regsave (zeropage.o):
    gameduino.o               gameduino.s(10)
sp (zeropage.o):
    lcmp.o                    runtime/lcmp.s(10)
    addysp.o                  runtime/addysp.s(8)
    steaxsp.o                 runtime/steaxsp.s(8)
    staxsp.o                  runtime/staxsp.s(8)
    pushax.o                  runtime/pushax.s(8)
    pusha.o                   runtime/pusha.s(8)
    lpush.o                   runtime/lpush.s(13)
    ldeaxysp.o                runtime/ldeaxysp.s(12)
    ldaxsp.o                  runtime/ldaxsp.s(8)
    laddeqsp.o                runtime/laddeqsp.s(8)
    incsp2.o                  runtime/incsp2.s(8)
    decsp4.o                  runtime/decsp4.s(8)
    crt0.o                    C:\cc65\asminc/zeropage.inc(11)
    addeqsp.o                 runtime/addeqsp.s(8)
    gameduino.o               gameduino.s(10)
sreg (zeropage.o):
    lcmp.o                    runtime/lcmp.s(10)
    steaxsp.o                 runtime/steaxsp.s(8)
    lpush.o                   runtime/lpush.s(13)
    linc.o                    runtime/linc.s(8)
    ldeaxysp.o                runtime/ldeaxysp.s(12)
    laddeqsp.o                runtime/laddeqsp.s(8)
    asleax2.o                 runtime/asleax2.s(8)
    gameduino.o               gameduino.s(10)
stax0sp (staxsp.o):
    gameduino.o               gameduino.s(461)
    gameduino.o               gameduino.s(461)
    gameduino.o               gameduino.s(461)
steax0sp (steaxsp.o):
    gameduino.o               gameduino.s(461)
tmp1 (zeropage.o):
    copydata.o                common/copydata.s(9)
    asleax2.o                 runtime/asleax2.s(8)
    aslax4.o                  runtime/aslax4.s(8)
    aslax2.o                  runtime/aslax2.s(8)
    spi.o                     spi.asm(4)
tmp2 (zeropage.o):
    spi.o                     spi.asm(4)
tmp3 (zeropage.o):
    spi.o                     spi.asm(4)
toslcmp (lcmp.o):
    llt.o                     runtime/llt.s(8)
toslteax (llt.o):
    gameduino.o               gameduino.s(461)
zerobss (zerobss.o):
    crt0.o                    .\src\crt0.s(13)

