Modules list:
-------------
main.o:
    CODE              Offs=000000  Size=0000FA  Align=00001  Fill=0000
    RODATA            Offs=000000  Size=000016  Align=00001  Fill=0000
    BSS               Offs=000000  Size=000001  Align=00001  Fill=0000
    DATA              Offs=000000  Size=000506  Align=00001  Fill=0000
spi.o:
    CODE              Offs=0000FA  Size=000038  Align=00001  Fill=0000
lcd.o:
    CODE              Offs=000132  Size=00008B  Align=00001  Fill=0000
    ZEROPAGE          Offs=000000  Size=000001  Align=00001  Fill=0000
acia.o:
    CODE              Offs=0001BD  Size=000048  Align=00001  Fill=0000
    ZEROPAGE          Offs=000001  Size=000001  Align=00001  Fill=0000
gameduino.o:
    CODE              Offs=000205  Size=000461  Align=00001  Fill=0000
    BSS               Offs=000001  Size=000001  Align=00001  Fill=0000
    DATA              Offs=000506  Size=000310  Align=00001  Fill=0000
interrupts.o:
    CODE              Offs=000666  Size=00000C  Align=00001  Fill=0000
vectors.o:
    VECTORS           Offs=000000  Size=000006  Align=00001  Fill=0000
..\library\p65.lib(addeqsp.o):
    CODE              Offs=000672  Size=000011  Align=00001  Fill=0000
..\library\p65.lib(addysp.o):
    CODE              Offs=000683  Size=00000E  Align=00001  Fill=0000
..\library\p65.lib(aslax1.o):
    CODE              Offs=000691  Size=000008  Align=00001  Fill=0000
..\library\p65.lib(aslax2.o):
    CODE              Offs=000699  Size=00000B  Align=00001  Fill=0000
..\library\p65.lib(aslax3.o):
    CODE              Offs=0006A4  Size=00000E  Align=00001  Fill=0000
..\library\p65.lib(aslax4.o):
    CODE              Offs=0006B2  Size=000011  Align=00001  Fill=0000
..\library\p65.lib(condes.o):
    CODE              Offs=0006C3  Size=00000C  Align=00001  Fill=0000
    DATA              Offs=000816  Size=000025  Align=00001  Fill=0000
    ONCE              Offs=000000  Size=00000C  Align=00001  Fill=0000
..\library\p65.lib(copydata.o):
    CODE              Offs=0006CF  Size=00002D  Align=00001  Fill=0000
..\library\p65.lib(crt0.o):
    STARTUP           Offs=000000  Size=00001C  Align=00001  Fill=0000
..\library\p65.lib(decsp1.o):
    CODE              Offs=0006FC  Size=000009  Align=00001  Fill=0000
..\library\p65.lib(decsp2.o):
    CODE              Offs=000705  Size=00000D  Align=00001  Fill=0000
..\library\p65.lib(incsp2.o):
    CODE              Offs=000712  Size=000015  Align=00001  Fill=0000
..\library\p65.lib(incsp3.o):
    CODE              Offs=000727  Size=000005  Align=00001  Fill=0000
..\library\p65.lib(incsp4.o):
    CODE              Offs=00072C  Size=000005  Align=00001  Fill=0000
..\library\p65.lib(incsp5.o):
    CODE              Offs=000731  Size=000005  Align=00001  Fill=0000
..\library\p65.lib(incsp8.o):
    CODE              Offs=000736  Size=000005  Align=00001  Fill=0000
..\library\p65.lib(ldaxsp.o):
    CODE              Offs=00073B  Size=000009  Align=00001  Fill=0000
..\library\p65.lib(or.o):
    CODE              Offs=000744  Size=000011  Align=00001  Fill=0000
..\library\p65.lib(pusha.o):
    CODE              Offs=000755  Size=000016  Align=00001  Fill=0000
..\library\p65.lib(pushax.o):
    CODE              Offs=00076B  Size=00001A  Align=00001  Fill=0000
..\library\p65.lib(staxsp.o):
    CODE              Offs=000785  Size=00000B  Align=00001  Fill=0000
..\library\p65.lib(subeqsp.o):
    CODE              Offs=000790  Size=000015  Align=00001  Fill=0000
..\library\p65.lib(zerobss.o):
    CODE              Offs=0007A5  Size=000023  Align=00001  Fill=0000
..\library\p65.lib(zeropage.o):
    ZEROPAGE          Offs=000002  Size=00001A  Align=00001  Fill=0000


Segment list:
-------------
Name                   Start     End    Size  Align
----------------------------------------------------
ZEROPAGE              000001  00001C  00001C  00001
DATA                  000200  000A3A  00083B  00001
BSS                   000A3B  000A3C  000002  00001
STARTUP               00683B  006856  00001C  00001
ONCE                  006857  006862  00000C  00001
CODE                  006863  00702A  0007C8  00001
RODATA                00702B  007040  000016  00001
VECTORS               007FFA  007FFF  000006  00001


Exports list by name:
---------------------
_GD_Init                  006A68 RLA    _GD_copy                  006E5B RLA    
_GD_fill                  006BE4 RLA    _GD_putchar               006CA1 RLA    
_GD_putstr                006C58 RLA    _GD_sprite                006CB6 RLA    
_GD_wr16                  006C10 RLA    __BSS_RUN__               000A3B RLA    
__BSS_SIZE__              000002 REA    __CONSTRUCTOR_COUNT__     000000 REA    
__CONSTRUCTOR_TABLE__     006857 RLA    __DATA_LOAD__             006000 RLA    
__DATA_RUN__              000200 RLA    __DATA_SIZE__             00083B REA    
__DESTRUCTOR_COUNT__      000000 REA    __DESTRUCTOR_TABLE__      006857 RLA    
__RAM_SIZE__              005DFF REA    __RAM_START__             000200 RLA    
__STARTUP__               000001 REA    _acia_getc                006A5D RLA    
_acia_put_newline         006A55 RLA    _acia_putc                006A2D RLA    
_acia_puts                006A3A RLA    _init                     00683B RLA    
_irq_int                  006ECA RLA    _main                     0068A0 RLA    
_nmi_int                  006EC9 RLA    _spi_begin                006983 RLA    
_spi_end                  006987 RLA    _spi_init                 00695D RLA    
_spi_read                 00697C RLA    _spi_write                006963 RLA    
_spi_write_16_addr        00696A RLA    _spi_write_16_data        006974 RLA    
addeq0sp                  006ED5 RLA    addysp                    006EE7 RLA    
addysp1                   006EE6 RLA    aslax1                    006EF4 RLA    
aslax2                    006EFC RLA    aslax3                    006F07 RLA    
aslax4                    006F15 RLA    copydata                  006F32 RLA    
decsp1                    006F5F RLA    decsp2                    006F68 RLA    
donelib                   006F26 RLA    incsp2                    006F7C RLA    
incsp3                    006F8A RLA    incsp4                    006F8F RLA    
incsp5                    006F94 RLA    incsp8                    006F99 RLA    
initlib                   006857 RLA    ldax0sp                   006F9E RLA    
ldaxysp                   006FA0 RLA    ptr1                      00000B RLZ    
ptr2                      00000D RLZ    push0                     006FCE RLA    
pusha                     006FBC RLA    pusha0                    006FD0 RLA    
pushax                    006FD2 RLA    sp                        000003 RLZ    
stax0sp                   006FE8 RLA    subeq0sp                  006FF3 RLA    
subeqysp                  006FF5 RLA    tmp1                      000013 RLZ    
tmp2                      000014 RLZ    tmp3                      000015 RLZ    
tmpstack                  000002 RLZ    tosorax                   006FA9 RLA    
zerobss                   007008 RLA    


Exports list by value:
----------------------
__CONSTRUCTOR_COUNT__     000000 REA    __DESTRUCTOR_COUNT__      000000 REA    
__STARTUP__               000001 REA    tmpstack                  000002 RLZ    
__BSS_SIZE__              000002 REA    sp                        000003 RLZ    
ptr1                      00000B RLZ    ptr2                      00000D RLZ    
tmp1                      000013 RLZ    tmp2                      000014 RLZ    
tmp3                      000015 RLZ    __RAM_START__             000200 RLA    
__DATA_RUN__              000200 RLA    __DATA_SIZE__             00083B REA    
__BSS_RUN__               000A3B RLA    __RAM_SIZE__              005DFF REA    
__DATA_LOAD__             006000 RLA    _init                     00683B RLA    
initlib                   006857 RLA    __CONSTRUCTOR_TABLE__     006857 RLA    
__DESTRUCTOR_TABLE__      006857 RLA    _main                     0068A0 RLA    
_spi_init                 00695D RLA    _spi_write                006963 RLA    
_spi_write_16_addr        00696A RLA    _spi_write_16_data        006974 RLA    
_spi_read                 00697C RLA    _spi_begin                006983 RLA    
_spi_end                  006987 RLA    _acia_putc                006A2D RLA    
_acia_puts                006A3A RLA    _acia_put_newline         006A55 RLA    
_acia_getc                006A5D RLA    _GD_Init                  006A68 RLA    
_GD_fill                  006BE4 RLA    _GD_wr16                  006C10 RLA    
_GD_putstr                006C58 RLA    _GD_putchar               006CA1 RLA    
_GD_sprite                006CB6 RLA    _GD_copy                  006E5B RLA    
_nmi_int                  006EC9 RLA    _irq_int                  006ECA RLA    
addeq0sp                  006ED5 RLA    addysp1                   006EE6 RLA    
addysp                    006EE7 RLA    aslax1                    006EF4 RLA    
aslax2                    006EFC RLA    aslax3                    006F07 RLA    
aslax4                    006F15 RLA    donelib                   006F26 RLA    
copydata                  006F32 RLA    decsp1                    006F5F RLA    
decsp2                    006F68 RLA    incsp2                    006F7C RLA    
incsp3                    006F8A RLA    incsp4                    006F8F RLA    
incsp5                    006F94 RLA    incsp8                    006F99 RLA    
ldax0sp                   006F9E RLA    ldaxysp                   006FA0 RLA    
tosorax                   006FA9 RLA    pusha                     006FBC RLA    
push0                     006FCE RLA    pusha0                    006FD0 RLA    
pushax                    006FD2 RLA    stax0sp                   006FE8 RLA    
subeq0sp                  006FF3 RLA    subeqysp                  006FF5 RLA    
zerobss                   007008 RLA    


Imports list:
-------------
_GD_Init (gameduino.o):
    main.o                    main.s(17)
_GD_copy (gameduino.o):
    main.o                    main.s(23)
_GD_fill (gameduino.o):
    main.o                    main.s(18)
_GD_putchar (gameduino.o):
    main.o                    main.s(21)
_GD_putstr (gameduino.o):
    main.o                    main.s(20)
_GD_sprite (gameduino.o):
    main.o                    main.s(22)
_GD_wr16 (gameduino.o):
    main.o                    main.s(19)
__BSS_RUN__ ([linker generated]):
    zerobss.o                 common/zerobss.s(8)
__BSS_SIZE__ ([linker generated]):
    zerobss.o                 common/zerobss.s(8)
__CONSTRUCTOR_COUNT__ ([linker generated]):
    condes.o                  runtime/condes.s(18)
__CONSTRUCTOR_TABLE__ ([linker generated]):
    condes.o                  runtime/condes.s(18)
__DATA_LOAD__ ([linker generated]):
    copydata.o                common/copydata.s(8)
__DATA_RUN__ ([linker generated]):
    copydata.o                common/copydata.s(8)
__DATA_SIZE__ ([linker generated]):
    copydata.o                common/copydata.s(8)
__DESTRUCTOR_COUNT__ ([linker generated]):
    condes.o                  runtime/condes.s(19)
__DESTRUCTOR_TABLE__ ([linker generated]):
    condes.o                  runtime/condes.s(19)
__RAM_SIZE__ ([linker generated]):
    crt0.o                    .\src\crt0.s(11)
__RAM_START__ ([linker generated]):
    crt0.o                    .\src\crt0.s(11)
__STARTUP__ (crt0.o):
    main.o                    main.s(13)
_acia_getc (acia.o):
    main.o                    main.s(16)
_acia_put_newline (acia.o):
    main.o                    main.s(15)
_acia_putc (acia.o):
    interrupts.o              interrupts.asm(11)
_acia_puts (acia.o):
    main.o                    main.s(14)
_init (crt0.o):
    vectors.o                 vectors.asm(7)
_irq_int (interrupts.o):
    vectors.o                 vectors.asm(9)
_main (main.o):
    crt0.o                    .\src\crt0.s(8)
_nmi_int (interrupts.o):
    vectors.o                 vectors.asm(8)
_spi_begin (spi.o):
    gameduino.o               gameduino.s(32)
_spi_end (spi.o):
    gameduino.o               gameduino.s(33)
_spi_init (spi.o):
    gameduino.o               gameduino.s(34)
_spi_read (spi.o):
    gameduino.o               gameduino.s(35)
_spi_write (spi.o):
    gameduino.o               gameduino.s(31)
_spi_write_16_addr (spi.o):
    gameduino.o               gameduino.s(29)
_spi_write_16_data (spi.o):
    gameduino.o               gameduino.s(30)
addeq0sp (addeqsp.o):
    gameduino.o               gameduino.s(1564)
    gameduino.o               gameduino.s(1564)
    gameduino.o               gameduino.s(1564)
    gameduino.o               gameduino.s(1564)
addysp (addysp.o):
    incsp8.o                  runtime/incsp8.s(8)
    incsp5.o                  runtime/incsp5.s(8)
    incsp4.o                  runtime/incsp4.s(8)
    incsp3.o                  runtime/incsp3.s(8)
    gameduino.o               gameduino.s(1564)
addysp1 (addysp.o):
    or.o                      runtime/or.s(9)
aslax1 (aslax1.o):
    gameduino.o               gameduino.s(1564)
    gameduino.o               gameduino.s(1564)
aslax2 (aslax2.o):
    gameduino.o               gameduino.s(1564)
    gameduino.o               gameduino.s(1564)
    gameduino.o               gameduino.s(1564)
aslax3 (aslax3.o):
    gameduino.o               gameduino.s(1564)
aslax4 (aslax4.o):
    gameduino.o               gameduino.s(1564)
    gameduino.o               gameduino.s(1564)
    gameduino.o               gameduino.s(1564)
copydata (copydata.o):
    crt0.o                    .\src\crt0.s(13)
decsp1 (decsp1.o):
    gameduino.o               gameduino.s(1564)
    gameduino.o               gameduino.s(1564)
decsp2 (decsp2.o):
    gameduino.o               gameduino.s(1564)
    main.o                    main.s(1480)
donelib (condes.o):
    crt0.o                    .\src\crt0.s(13)
incsp2 (incsp2.o):
    gameduino.o               gameduino.s(1564)
    gameduino.o               gameduino.s(1564)
    gameduino.o               gameduino.s(1564)
    gameduino.o               gameduino.s(1564)
    main.o                    main.s(1480)
incsp3 (incsp3.o):
    gameduino.o               gameduino.s(1564)
    gameduino.o               gameduino.s(1564)
    gameduino.o               gameduino.s(1564)
    gameduino.o               gameduino.s(1564)
    gameduino.o               gameduino.s(1564)
    gameduino.o               gameduino.s(1564)
    gameduino.o               gameduino.s(1564)
incsp4 (incsp4.o):
    gameduino.o               gameduino.s(1564)
    gameduino.o               gameduino.s(1564)
incsp5 (incsp5.o):
    gameduino.o               gameduino.s(1564)
incsp8 (incsp8.o):
    gameduino.o               gameduino.s(1564)
initlib (condes.o):
    crt0.o                    .\src\crt0.s(13)
ldax0sp (ldaxsp.o):
    gameduino.o               gameduino.s(1564)
    gameduino.o               gameduino.s(1564)
    gameduino.o               gameduino.s(1564)
    gameduino.o               gameduino.s(1564)
    gameduino.o               gameduino.s(1564)
    gameduino.o               gameduino.s(1564)
    gameduino.o               gameduino.s(1564)
    gameduino.o               gameduino.s(1564)
    main.o                    main.s(1480)
ldaxysp (ldaxsp.o):
    gameduino.o               gameduino.s(1564)
    gameduino.o               gameduino.s(1564)
    gameduino.o               gameduino.s(1564)
    gameduino.o               gameduino.s(1564)
    gameduino.o               gameduino.s(1564)
    gameduino.o               gameduino.s(1564)
    gameduino.o               gameduino.s(1564)
    gameduino.o               gameduino.s(1564)
    gameduino.o               gameduino.s(1564)
    main.o                    main.s(1480)
    main.o                    main.s(1480)
ptr1 (zeropage.o):
    copydata.o                common/copydata.s(9)
    zerobss.o                 common/zerobss.s(9)
    gameduino.o               gameduino.s(11)
    acia.o                    acia.asm(9)
    lcd.o                     lcd.asm(16)
ptr2 (zeropage.o):
    copydata.o                common/copydata.s(9)
push0 (pushax.o):
    gameduino.o               gameduino.s(1564)
    gameduino.o               gameduino.s(1564)
    gameduino.o               gameduino.s(1564)
    main.o                    main.s(1480)
pusha (pusha.o):
    gameduino.o               gameduino.s(1564)
    gameduino.o               gameduino.s(1564)
    gameduino.o               gameduino.s(1564)
    gameduino.o               gameduino.s(1564)
    gameduino.o               gameduino.s(1564)
    gameduino.o               gameduino.s(1564)
    main.o                    main.s(1480)
    main.o                    main.s(1480)
    main.o                    main.s(1480)
pusha0 (pushax.o):
    gameduino.o               gameduino.s(1564)
    main.o                    main.s(1480)
pushax (pushax.o):
    gameduino.o               gameduino.s(1564)
    gameduino.o               gameduino.s(1564)
    gameduino.o               gameduino.s(1564)
    gameduino.o               gameduino.s(1564)
    gameduino.o               gameduino.s(1564)
    gameduino.o               gameduino.s(1564)
    gameduino.o               gameduino.s(1564)
    gameduino.o               gameduino.s(1564)
    gameduino.o               gameduino.s(1564)
    gameduino.o               gameduino.s(1564)
    gameduino.o               gameduino.s(1564)
    main.o                    main.s(1480)
    main.o                    main.s(1480)
    main.o                    main.s(1480)
sp (zeropage.o):
    subeqsp.o                 runtime/subeqsp.s(8)
    staxsp.o                  runtime/staxsp.s(8)
    pushax.o                  runtime/pushax.s(8)
    pusha.o                   runtime/pusha.s(8)
    or.o                      runtime/or.s(10)
    ldaxsp.o                  runtime/ldaxsp.s(8)
    incsp2.o                  runtime/incsp2.s(8)
    decsp2.o                  runtime/decsp2.s(8)
    decsp1.o                  runtime/decsp1.s(8)
    crt0.o                    C:\cc65\asminc/zeropage.inc(11)
    addysp.o                  runtime/addysp.s(8)
    addeqsp.o                 runtime/addeqsp.s(8)
    gameduino.o               gameduino.s(10)
    main.o                    main.s(10)
stax0sp (staxsp.o):
    gameduino.o               gameduino.s(1564)
    gameduino.o               gameduino.s(1564)
    main.o                    main.s(1480)
subeq0sp (subeqsp.o):
    gameduino.o               gameduino.s(1564)
subeqysp (subeqsp.o):
    gameduino.o               gameduino.s(1564)
tmp1 (zeropage.o):
    copydata.o                common/copydata.s(9)
    or.o                      runtime/or.s(10)
    aslax4.o                  runtime/aslax4.s(8)
    aslax3.o                  runtime/aslax3.s(8)
    aslax2.o                  runtime/aslax2.s(8)
    aslax1.o                  runtime/aslax1.s(8)
    gameduino.o               gameduino.s(11)
    spi.o                     spi.asm(4)
tmp2 (zeropage.o):
    spi.o                     spi.asm(4)
tmp3 (zeropage.o):
    spi.o                     spi.asm(4)
tmpstack (acia.o):
    lcd.o                     lcd.asm(17)
tosorax (or.o):
    gameduino.o               gameduino.s(1564)
zerobss (zerobss.o):
    crt0.o                    .\src\crt0.s(13)

