Modules list:
-------------
main.o:
    CODE              Offs=000000  Size=00010A  Align=00001  Fill=0000
    RODATA            Offs=000000  Size=000016  Align=00001  Fill=0000
    BSS               Offs=000000  Size=000001  Align=00001  Fill=0000
    DATA              Offs=000000  Size=000506  Align=00001  Fill=0000
spi.o:
    CODE              Offs=00010A  Size=000036  Align=00001  Fill=0000
lcd.o:
    CODE              Offs=000140  Size=00008B  Align=00001  Fill=0000
    ZEROPAGE          Offs=000000  Size=000001  Align=00001  Fill=0000
acia.o:
    CODE              Offs=0001CB  Size=000048  Align=00001  Fill=0000
    ZEROPAGE          Offs=000001  Size=000001  Align=00001  Fill=0000
gameduino.o:
    CODE              Offs=000213  Size=00045C  Align=00001  Fill=0000
    BSS               Offs=000001  Size=000001  Align=00001  Fill=0000
    DATA              Offs=000506  Size=000310  Align=00001  Fill=0000
interrupts.o:
    CODE              Offs=00066F  Size=00000C  Align=00001  Fill=0000
vectors.o:
    VECTORS           Offs=000000  Size=000006  Align=00001  Fill=0000
..\library\p65.lib(addeqsp.o):
    CODE              Offs=00067B  Size=000011  Align=00001  Fill=0000
..\library\p65.lib(addysp.o):
    CODE              Offs=00068C  Size=00000E  Align=00001  Fill=0000
..\library\p65.lib(aslax1.o):
    CODE              Offs=00069A  Size=000008  Align=00001  Fill=0000
..\library\p65.lib(aslax2.o):
    CODE              Offs=0006A2  Size=00000B  Align=00001  Fill=0000
..\library\p65.lib(aslax3.o):
    CODE              Offs=0006AD  Size=00000E  Align=00001  Fill=0000
..\library\p65.lib(aslax4.o):
    CODE              Offs=0006BB  Size=000011  Align=00001  Fill=0000
..\library\p65.lib(condes.o):
    CODE              Offs=0006CC  Size=00000C  Align=00001  Fill=0000
    DATA              Offs=000816  Size=000025  Align=00001  Fill=0000
    ONCE              Offs=000000  Size=00000C  Align=00001  Fill=0000
..\library\p65.lib(copydata.o):
    CODE              Offs=0006D8  Size=00002D  Align=00001  Fill=0000
..\library\p65.lib(crt0.o):
    STARTUP           Offs=000000  Size=00001C  Align=00001  Fill=0000
..\library\p65.lib(decax1.o):
    CODE              Offs=000705  Size=000007  Align=00001  Fill=0000
..\library\p65.lib(decsp1.o):
    CODE              Offs=00070C  Size=000009  Align=00001  Fill=0000
..\library\p65.lib(decsp2.o):
    CODE              Offs=000715  Size=00000D  Align=00001  Fill=0000
..\library\p65.lib(incax1.o):
    CODE              Offs=000722  Size=000005  Align=00001  Fill=0000
..\library\p65.lib(incaxy.o):
    CODE              Offs=000727  Size=00000B  Align=00001  Fill=0000
..\library\p65.lib(incsp2.o):
    CODE              Offs=000732  Size=000015  Align=00001  Fill=0000
..\library\p65.lib(incsp3.o):
    CODE              Offs=000747  Size=000005  Align=00001  Fill=0000
..\library\p65.lib(incsp4.o):
    CODE              Offs=00074C  Size=000005  Align=00001  Fill=0000
..\library\p65.lib(incsp5.o):
    CODE              Offs=000751  Size=000005  Align=00001  Fill=0000
..\library\p65.lib(incsp8.o):
    CODE              Offs=000756  Size=000005  Align=00001  Fill=0000
..\library\p65.lib(ldaxsp.o):
    CODE              Offs=00075B  Size=000009  Align=00001  Fill=0000
..\library\p65.lib(or.o):
    CODE              Offs=000764  Size=000011  Align=00001  Fill=0000
..\library\p65.lib(pusha.o):
    CODE              Offs=000775  Size=000016  Align=00001  Fill=0000
..\library\p65.lib(pushax.o):
    CODE              Offs=00078B  Size=00001A  Align=00001  Fill=0000
..\library\p65.lib(staxsp.o):
    CODE              Offs=0007A5  Size=00000B  Align=00001  Fill=0000
..\library\p65.lib(subeqsp.o):
    CODE              Offs=0007B0  Size=000015  Align=00001  Fill=0000
..\library\p65.lib(zerobss.o):
    CODE              Offs=0007C5  Size=000023  Align=00001  Fill=0000
..\library\p65.lib(zeropage.o):
    ZEROPAGE          Offs=000002  Size=00001A  Align=00001  Fill=0000


Segment list:
-------------
Name                   Start     End    Size  Align
----------------------------------------------------
ZEROPAGE              000000  00001B  00001C  00001
DATA                  000200  000A3A  00083B  00001
BSS                   000A3B  000A3C  000002  00001
STARTUP               00683B  006856  00001C  00001
ONCE                  006857  006862  00000C  00001
CODE                  006863  00704A  0007E8  00001
RODATA                00704B  007060  000016  00001
VECTORS               007FFA  007FFF  000006  00001


Exports list by name:
---------------------
_GD_Init                  006A79 RLA    _GD_fill                  006BFE RLA    
_GD_putchar               006CC3 RLA    _GD_putstr                006C78 RLA    
__BSS_RUN__               000A3B RLA    __BSS_SIZE__              000002 REA    
__CONSTRUCTOR_COUNT__     000000 REA    __CONSTRUCTOR_TABLE__     006857 RLA    
__DATA_LOAD__             006000 RLA    __DATA_RUN__              000200 RLA    
__DATA_SIZE__             00083B REA    __DESTRUCTOR_COUNT__      000000 REA    
__DESTRUCTOR_TABLE__      006857 RLA    __RAM_SIZE__              005DFF REA    
__RAM_START__             000200 RLA    __STARTUP__               000001 REA    
_acia_getc                006A6B RLA    _acia_put_newline         006A63 RLA    
_acia_putc                006A3B RLA    _acia_puts                006A48 RLA    
_init                     00683B RLA    _irq_int                  006ED3 RLA    
_lcd_put_newline          0069C6 RLA    _lcd_puts                 006A0D RLA    
_main                     006896 RLA    _nmi_int                  006ED2 RLA    
_spi_begin                006990 RLA    _spi_end                  006996 RLA    
_spi_read                 006989 RLA    _spi_write                006973 RLA    
_spi_write_16             00697A RLA    addeq0sp                  006EDE RLA    
addeqysp                  006EE0 RLA    addysp                    006EF0 RLA    
addysp1                   006EEF RLA    aslax1                    006EFD RLA    
aslax2                    006F05 RLA    aslax3                    006F10 RLA    
aslax4                    006F1E RLA    copydata                  006F3B RLA    
decax1                    006F68 RLA    decsp1                    006F6F RLA    
decsp2                    006F78 RLA    donelib                   006F2F RLA    
incax1                    006F85 RLA    incaxy                    006F8C RLA    
incsp2                    006F9C RLA    incsp3                    006FAA RLA    
incsp4                    006FAF RLA    incsp5                    006FB4 RLA    
incsp8                    006FB9 RLA    initlib                   006857 RLA    
ldax0sp                   006FBE RLA    ldaxysp                   006FC0 RLA    
ptr1                      00000A RLZ    ptr2                      00000C RLZ    
push0                     006FEE RLA    pusha                     006FDC RLA    
pusha0                    006FF0 RLA    pushax                    006FF2 RLA    
regsave                   000006 RLZ    sp                        000002 RLZ    
stax0sp                   007008 RLA    subeqysp                  007015 RLA    
tmp1                      000012 RLZ    tmp2                      000013 RLZ    
tmp3                      000014 RLZ    tmpstack                  000001 RLZ    
tosorax                   006FC9 RLA    zerobss                   007028 RLA    



Exports list by value:
----------------------
__DESTRUCTOR_COUNT__      000000 REA    __CONSTRUCTOR_COUNT__     000000 REA    
tmpstack                  000001 RLZ    __STARTUP__               000001 REA    
__BSS_SIZE__              000002 REA    sp                        000002 RLZ    
regsave                   000006 RLZ    ptr1                      00000A RLZ    
ptr2                      00000C RLZ    tmp1                      000012 RLZ    
tmp2                      000013 RLZ    tmp3                      000014 RLZ    
__RAM_START__             000200 RLA    __DATA_RUN__              000200 RLA    
__DATA_SIZE__             00083B REA    __BSS_RUN__               000A3B RLA    
__RAM_SIZE__              005DFF REA    __DATA_LOAD__             006000 RLA    
_init                     00683B RLA    __CONSTRUCTOR_TABLE__     006857 RLA    
__DESTRUCTOR_TABLE__      006857 RLA    initlib                   006857 RLA    
_main                     006896 RLA    _spi_write                006973 RLA    
_spi_write_16             00697A RLA    _spi_read                 006989 RLA    
_spi_begin                006990 RLA    _spi_end                  006996 RLA    
_lcd_put_newline          0069C6 RLA    _lcd_puts                 006A0D RLA    
_acia_putc                006A3B RLA    _acia_puts                006A48 RLA    
_acia_put_newline         006A63 RLA    _acia_getc                006A6B RLA    
_GD_Init                  006A79 RLA    _GD_fill                  006BFE RLA    
_GD_putstr                006C78 RLA    _GD_putchar               006CC3 RLA    
_nmi_int                  006ED2 RLA    _irq_int                  006ED3 RLA    
addeq0sp                  006EDE RLA    addeqysp                  006EE0 RLA    
addysp1                   006EEF RLA    addysp                    006EF0 RLA    
aslax1                    006EFD RLA    aslax2                    006F05 RLA    
aslax3                    006F10 RLA    aslax4                    006F1E RLA    
donelib                   006F2F RLA    copydata                  006F3B RLA    
decax1                    006F68 RLA    decsp1                    006F6F RLA    
decsp2                    006F78 RLA    incax1                    006F85 RLA    
incaxy                    006F8C RLA    incsp2                    006F9C RLA    
incsp3                    006FAA RLA    incsp4                    006FAF RLA    
incsp5                    006FB4 RLA    incsp8                    006FB9 RLA    
ldax0sp                   006FBE RLA    ldaxysp                   006FC0 RLA    
tosorax                   006FC9 RLA    pusha                     006FDC RLA    
push0                     006FEE RLA    pusha0                    006FF0 RLA    
pushax                    006FF2 RLA    stax0sp                   007008 RLA    
subeqysp                  007015 RLA    zerobss                   007028 RLA    



Imports list:
-------------
_GD_Init (gameduino.o):
    main.o                    main.s(20)
_GD_fill (gameduino.o):
    main.o                    main.s(21)
_GD_putchar (gameduino.o):
    main.o                    main.s(23)
_GD_putstr (gameduino.o):
    main.o                    main.s(22)
__BSS_RUN__ ([linker generated]):
    zerobss.o                 common/zerobss.s(8)
__BSS_SIZE__ ([linker generated]):
    zerobss.o                 common/zerobss.s(8)
__CONSTRUCTOR_COUNT__ ([linker generated]):
    condes.o                  runtime/condes.s(18)
__CONSTRUCTOR_TABLE__ ([linker generated]):
    condes.o                  runtime/condes.s(18)
__DATA_LOAD__ ([linker generated]):
    copydata.o                common/copydata.s(8)
__DATA_RUN__ ([linker generated]):
    copydata.o                common/copydata.s(8)
__DATA_SIZE__ ([linker generated]):
    copydata.o                common/copydata.s(8)
__DESTRUCTOR_COUNT__ ([linker generated]):
    condes.o                  runtime/condes.s(19)
__DESTRUCTOR_TABLE__ ([linker generated]):
    condes.o                  runtime/condes.s(19)
__RAM_SIZE__ ([linker generated]):
    crt0.o                    .\src\crt0.s(11)
__RAM_START__ ([linker generated]):
    crt0.o                    .\src\crt0.s(11)
__STARTUP__ (crt0.o):
    main.o                    main.s(13)
_acia_getc (acia.o):
    main.o                    main.s(17)
_acia_put_newline (acia.o):
    main.o                    main.s(16)
_acia_putc (acia.o):
    interrupts.o              interrupts.asm(11)
    main.o                    main.s(14)
_acia_puts (acia.o):
    main.o                    main.s(15)
_init (crt0.o):
    vectors.o                 vectors.asm(7)
_irq_int (interrupts.o):
    vectors.o                 vectors.asm(9)
_lcd_put_newline (lcd.o):
    main.o                    main.s(18)
_lcd_puts (lcd.o):
    main.o                    main.s(19)
_main (main.o):
    crt0.o                    .\src\crt0.s(8)
_nmi_int (interrupts.o):
    vectors.o                 vectors.asm(8)
_spi_begin (spi.o):
    gameduino.o               gameduino.s(32)
_spi_end (spi.o):
    gameduino.o               gameduino.s(33)
_spi_read (spi.o):
    gameduino.o               gameduino.s(34)
_spi_write (spi.o):
    gameduino.o               gameduino.s(31)
_spi_write_16 (spi.o):
    gameduino.o               gameduino.s(30)
addeq0sp (addeqsp.o):
    gameduino.o               gameduino.s(1553)
    gameduino.o               gameduino.s(1553)
    gameduino.o               gameduino.s(1553)
addeqysp (addeqsp.o):
    main.o                    main.s(1468)
addysp (addysp.o):
    incsp8.o                  runtime/incsp8.s(8)
    incsp5.o                  runtime/incsp5.s(8)
    incsp4.o                  runtime/incsp4.s(8)
    incsp3.o                  runtime/incsp3.s(8)
    gameduino.o               gameduino.s(1553)
addysp1 (addysp.o):
    or.o                      runtime/or.s(9)
aslax1 (aslax1.o):
    gameduino.o               gameduino.s(1553)
aslax2 (aslax2.o):
    gameduino.o               gameduino.s(1553)
    gameduino.o               gameduino.s(1553)
    gameduino.o               gameduino.s(1553)
aslax3 (aslax3.o):
    gameduino.o               gameduino.s(1553)
aslax4 (aslax4.o):
    gameduino.o               gameduino.s(1553)
    gameduino.o               gameduino.s(1553)
    gameduino.o               gameduino.s(1553)
copydata (copydata.o):
    crt0.o                    .\src\crt0.s(13)
decax1 (decax1.o):
    gameduino.o               gameduino.s(1553)
decsp1 (decsp1.o):
    gameduino.o               gameduino.s(1553)
    gameduino.o               gameduino.s(1553)
decsp2 (decsp2.o):
    gameduino.o               gameduino.s(1553)
    main.o                    main.s(1468)
donelib (condes.o):
    crt0.o                    .\src\crt0.s(13)
incax1 (incax1.o):
    gameduino.o               gameduino.s(1553)
    gameduino.o               gameduino.s(1553)
incaxy (incaxy.o):
    main.o                    main.s(1468)
incsp2 (incsp2.o):
    gameduino.o               gameduino.s(1553)
    gameduino.o               gameduino.s(1553)
    gameduino.o               gameduino.s(1553)
    gameduino.o               gameduino.s(1553)
    main.o                    main.s(1468)
incsp3 (incsp3.o):
    gameduino.o               gameduino.s(1553)
    gameduino.o               gameduino.s(1553)
    gameduino.o               gameduino.s(1553)
    gameduino.o               gameduino.s(1553)
    gameduino.o               gameduino.s(1553)
    gameduino.o               gameduino.s(1553)
incsp4 (incsp4.o):
    gameduino.o               gameduino.s(1553)
    gameduino.o               gameduino.s(1553)
incsp5 (incsp5.o):
    gameduino.o               gameduino.s(1553)
incsp8 (incsp8.o):
    gameduino.o               gameduino.s(1553)
initlib (condes.o):
    crt0.o                    .\src\crt0.s(13)
ldax0sp (ldaxsp.o):
    gameduino.o               gameduino.s(1553)
    gameduino.o               gameduino.s(1553)
    gameduino.o               gameduino.s(1553)
    gameduino.o               gameduino.s(1553)
    gameduino.o               gameduino.s(1553)
    gameduino.o               gameduino.s(1553)
    gameduino.o               gameduino.s(1553)
    gameduino.o               gameduino.s(1553)
    main.o                    main.s(1468)
ldaxysp (ldaxsp.o):
    gameduino.o               gameduino.s(1553)
    gameduino.o               gameduino.s(1553)
    gameduino.o               gameduino.s(1553)
    gameduino.o               gameduino.s(1553)
    gameduino.o               gameduino.s(1553)
    gameduino.o               gameduino.s(1553)
    gameduino.o               gameduino.s(1553)
    gameduino.o               gameduino.s(1553)
    main.o                    main.s(1468)
ptr1 (zeropage.o):
    copydata.o                common/copydata.s(9)
    zerobss.o                 common/zerobss.s(9)
    gameduino.o               gameduino.s(11)
    acia.o                    acia.asm(9)
    lcd.o                     lcd.asm(16)
ptr2 (zeropage.o):
    copydata.o                common/copydata.s(9)
push0 (pushax.o):
    gameduino.o               gameduino.s(1553)
    gameduino.o               gameduino.s(1553)
    gameduino.o               gameduino.s(1553)
    main.o                    main.s(1468)
pusha (pusha.o):
    gameduino.o               gameduino.s(1553)
    gameduino.o               gameduino.s(1553)
    gameduino.o               gameduino.s(1553)
    gameduino.o               gameduino.s(1553)
    gameduino.o               gameduino.s(1553)
    main.o                    main.s(1468)
    main.o                    main.s(1468)
pusha0 (pushax.o):
    gameduino.o               gameduino.s(1553)
pushax (pushax.o):
    gameduino.o               gameduino.s(1553)
    gameduino.o               gameduino.s(1553)
    gameduino.o               gameduino.s(1553)
    gameduino.o               gameduino.s(1553)
    gameduino.o               gameduino.s(1553)
    gameduino.o               gameduino.s(1553)
    gameduino.o               gameduino.s(1553)
    gameduino.o               gameduino.s(1553)
    gameduino.o               gameduino.s(1553)
    gameduino.o               gameduino.s(1553)
    gameduino.o               gameduino.s(1553)
    main.o                    main.s(1468)
regsave (zeropage.o):
    gameduino.o               gameduino.s(10)
sp (zeropage.o):
    subeqsp.o                 runtime/subeqsp.s(8)
    staxsp.o                  runtime/staxsp.s(8)
    pushax.o                  runtime/pushax.s(8)
    pusha.o                   runtime/pusha.s(8)
    or.o                      runtime/or.s(10)
    ldaxsp.o                  runtime/ldaxsp.s(8)
    incsp2.o                  runtime/incsp2.s(8)
    decsp2.o                  runtime/decsp2.s(8)
    decsp1.o                  runtime/decsp1.s(8)
    crt0.o                    C:\cc65\asminc/zeropage.inc(11)
    addysp.o                  runtime/addysp.s(8)
    addeqsp.o                 runtime/addeqsp.s(8)
    gameduino.o               gameduino.s(10)
    main.o                    main.s(10)
stax0sp (staxsp.o):
    gameduino.o               gameduino.s(1553)
    gameduino.o               gameduino.s(1553)
    gameduino.o               gameduino.s(1553)
    gameduino.o               gameduino.s(1553)
subeqysp (subeqsp.o):
    gameduino.o               gameduino.s(1553)
tmp1 (zeropage.o):
    copydata.o                common/copydata.s(9)
    or.o                      runtime/or.s(10)
    incaxy.o                  runtime/incaxy.s(8)
    aslax4.o                  runtime/aslax4.s(8)
    aslax3.o                  runtime/aslax3.s(8)
    aslax2.o                  runtime/aslax2.s(8)
    aslax1.o                  runtime/aslax1.s(8)
    gameduino.o               gameduino.s(11)
    spi.o                     spi.asm(4)
tmp2 (zeropage.o):
    spi.o                     spi.asm(4)
tmp3 (zeropage.o):
    spi.o                     spi.asm(4)
tmpstack (acia.o):
    lcd.o                     lcd.asm(17)
tosorax (or.o):
    gameduino.o               gameduino.s(1553)
zerobss (zerobss.o):
    crt0.o                    .\src\crt0.s(13)

